Archive member included to satisfy reference by file (symbol)

/opt/Atollic_TrueSTUDIO_for_STM32_x86_64_9.3.0/ARMTools/bin/../lib/gcc/arm-atollic-eabi/6.3.1/../../../../arm-atollic-eabi/lib/armv7e-m/fpu/libc_nano.a(lib_a-init.o)
                              startup/startup_stm32f303xc.o (__libc_init_array)

Allocating common symbols
Common symbol       size              file

INT1_TSH_zh         0x1               Src/main.o
address_ctrl1       0x1               Src/main.o
I2C_transmit_buffer
                    0x20              Src/main.o
_1_msec             0x1               Drivers/STM32F3xx_HAL_Driver/Src/stm32f3xx_hal.o
_100_msec           0x1               Drivers/STM32F3xx_HAL_Driver/Src/stm32f3xx_hal.o
reference           0x1               Src/main.o
hi2c1               0x4c              Src/i2c.o
rx_idle_counter     0x4               Drivers/STM32F3xx_HAL_Driver/Src/stm32f3xx_hal.o
uwTick              0x4               Drivers/STM32F3xx_HAL_Driver/Src/stm32f3xx_hal.o
pFlash              0x20              Drivers/STM32F3xx_HAL_Driver/Src/stm32f3xx_hal_flash.o
cntr                0x4               Drivers/STM32F3xx_HAL_Driver/Src/stm32f3xx_hal_tim.o
I2C_MAG_status      0x1               Src/main.o
rx_buffer           0x20              Drivers/STM32F3xx_HAL_Driver/Src/stm32f3xx_hal.o
tx_buffer           0x20              Drivers/STM32F3xx_HAL_Driver/Src/stm32f3xx_hal.o
rx_counter          0x1               Drivers/STM32F3xx_HAL_Driver/Src/stm32f3xx_hal.o
INT1_TSH_zl         0x1               Src/main.o
huart1              0x70              Src/main.o
data_ctrl1          0x1               Src/main.o
rx_byte             0x1               Drivers/STM32F3xx_HAL_Driver/Src/stm32f3xx_hal.o
I2C_receive_buffer  0x20              Src/main.o
INT1_duration       0x1               Src/main.o
INT1_TSH_yl         0x1               Src/main.o
address_status      0x1               Src/main.o
receivedata         0x1               Src/main.o
hspi1               0x64              Src/main.o
INT1_TSH_xl         0x1               Src/main.o
htim2               0x40              Src/main.o
INT1_TSH_xh         0x1               Src/main.o
INT1_src            0x1               Src/main.o
INT1_cfg            0x1               Src/main.o
_100_usec_counter   0x4               Drivers/STM32F3xx_HAL_Driver/Src/stm32f3xx_hal.o
I2C_MAG_buffer      0x20              Src/main.o
INT1_TSH_yh         0x1               Src/main.o
I2C_ACC_status      0x1               Src/main.o
data_status         0x1               Src/main.o

Discarded input sections

 .text          0x0000000000000000        0x0 /opt/Atollic_TrueSTUDIO_for_STM32_x86_64_9.3.0/ARMTools/bin/../lib/gcc/arm-atollic-eabi/6.3.1/armv7e-m/fpu/crti.o
 .data          0x0000000000000000        0x0 /opt/Atollic_TrueSTUDIO_for_STM32_x86_64_9.3.0/ARMTools/bin/../lib/gcc/arm-atollic-eabi/6.3.1/armv7e-m/fpu/crti.o
 .bss           0x0000000000000000        0x0 /opt/Atollic_TrueSTUDIO_for_STM32_x86_64_9.3.0/ARMTools/bin/../lib/gcc/arm-atollic-eabi/6.3.1/armv7e-m/fpu/crti.o
 .data          0x0000000000000000        0x4 /opt/Atollic_TrueSTUDIO_for_STM32_x86_64_9.3.0/ARMTools/bin/../lib/gcc/arm-atollic-eabi/6.3.1/armv7e-m/fpu/crtbegin.o
 .text          0x0000000000000000        0x0 Drivers/STM32F3xx_HAL_Driver/Src/stm32f3xx_hal.o
 .data          0x0000000000000000        0x0 Drivers/STM32F3xx_HAL_Driver/Src/stm32f3xx_hal.o
 .bss           0x0000000000000000        0x0 Drivers/STM32F3xx_HAL_Driver/Src/stm32f3xx_hal.o
 .text.HAL_DeInit
                0x0000000000000000       0x3c Drivers/STM32F3xx_HAL_Driver/Src/stm32f3xx_hal.o
 .text.HAL_MspInit
                0x0000000000000000        0xe Drivers/STM32F3xx_HAL_Driver/Src/stm32f3xx_hal.o
 .text.HAL_MspDeInit
                0x0000000000000000        0xe Drivers/STM32F3xx_HAL_Driver/Src/stm32f3xx_hal.o
 .text.HAL_Delay
                0x0000000000000000       0x3a Drivers/STM32F3xx_HAL_Driver/Src/stm32f3xx_hal.o
 .text.HAL_SuspendTick
                0x0000000000000000       0x20 Drivers/STM32F3xx_HAL_Driver/Src/stm32f3xx_hal.o
 .text.HAL_ResumeTick
                0x0000000000000000       0x20 Drivers/STM32F3xx_HAL_Driver/Src/stm32f3xx_hal.o
 .text.HAL_GetHalVersion
                0x0000000000000000       0x14 Drivers/STM32F3xx_HAL_Driver/Src/stm32f3xx_hal.o
 .text.HAL_GetREVID
                0x0000000000000000       0x18 Drivers/STM32F3xx_HAL_Driver/Src/stm32f3xx_hal.o
 .text.HAL_GetDEVID
                0x0000000000000000       0x1c Drivers/STM32F3xx_HAL_Driver/Src/stm32f3xx_hal.o
 .text.HAL_GetUIDw0
                0x0000000000000000       0x18 Drivers/STM32F3xx_HAL_Driver/Src/stm32f3xx_hal.o
 .text.HAL_GetUIDw1
                0x0000000000000000       0x18 Drivers/STM32F3xx_HAL_Driver/Src/stm32f3xx_hal.o
 .text.HAL_GetUIDw2
                0x0000000000000000       0x18 Drivers/STM32F3xx_HAL_Driver/Src/stm32f3xx_hal.o
 .text.HAL_DBGMCU_EnableDBGSleepMode
[...]
Memory Configuration

Name             Origin             Length             Attributes
RAM              0x0000000020000000 0x000000000000a000 xrw
CCMRAM           0x0000000010000000 0x0000000000002000 rw
FLASH            0x0000000008000000 0x0000000000040000 xr
*default*        0x0000000000000000 0xffffffffffffffff

Linker script and memory map

LOAD /opt/Atollic_TrueSTUDIO_for_STM32_x86_64_9.3.0/ARMTools/bin/../lib/gcc/arm-atollic-eabi/6.3.1/armv7e-m/fpu/crti.o
LOAD /opt/Atollic_TrueSTUDIO_for_STM32_x86_64_9.3.0/ARMTools/bin/../lib/gcc/arm-atollic-eabi/6.3.1/armv7e-m/fpu/crtbegin.o
LOAD Drivers/STM32F3xx_HAL_Driver/Src/stm32f3xx_hal.o
LOAD Drivers/STM32F3xx_HAL_Driver/Src/stm32f3xx_hal_cortex.o
LOAD Drivers/STM32F3xx_HAL_Driver/Src/stm32f3xx_hal_dma.o
LOAD Drivers/STM32F3xx_HAL_Driver/Src/stm32f3xx_hal_flash.o
LOAD Drivers/STM32F3xx_HAL_Driver/Src/stm32f3xx_hal_flash_ex.o
LOAD Drivers/STM32F3xx_HAL_Driver/Src/stm32f3xx_hal_gpio.o
LOAD Drivers/STM32F3xx_HAL_Driver/Src/stm32f3xx_hal_i2c.o
LOAD Drivers/STM32F3xx_HAL_Driver/Src/stm32f3xx_hal_i2c_ex.o
LOAD Drivers/STM32F3xx_HAL_Driver/Src/stm32f3xx_hal_pwr.o
LOAD Drivers/STM32F3xx_HAL_Driver/Src/stm32f3xx_hal_pwr_ex.o
LOAD Drivers/STM32F3xx_HAL_Driver/Src/stm32f3xx_hal_rcc.o
LOAD Drivers/STM32F3xx_HAL_Driver/Src/stm32f3xx_hal_rcc_ex.o
LOAD Drivers/STM32F3xx_HAL_Driver/Src/stm32f3xx_hal_spi.o
LOAD Drivers/STM32F3xx_HAL_Driver/Src/stm32f3xx_hal_spi_ex.o
LOAD Drivers/STM32F3xx_HAL_Driver/Src/stm32f3xx_hal_tim.o
LOAD Drivers/STM32F3xx_HAL_Driver/Src/stm32f3xx_hal_tim_ex.o
LOAD Drivers/STM32F3xx_HAL_Driver/Src/stm32f3xx_hal_uart.o
LOAD Drivers/STM32F3xx_HAL_Driver/Src/stm32f3xx_hal_uart_ex.o
LOAD Src/i2c.o
LOAD Src/main.o
LOAD Src/stm32f3xx_hal_msp.o
LOAD Src/stm32f3xx_it.o
LOAD Src/system_stm32f3xx.o
LOAD startup/startup_stm32f303xc.o
                0x0000000000000080                malloc_getpagesize_P = 0x80
START GROUP
LOAD /opt/Atollic_TrueSTUDIO_for_STM32_x86_64_9.3.0/ARMTools/bin/../lib/gcc/arm-atollic-eabi/6.3.1/../../../../arm-atollic-eabi/lib/armv7e-m/fpu/libc_nano.a
LOAD /opt/Atollic_TrueSTUDIO_for_STM32_x86_64_9.3.0/ARMTools/bin/../lib/gcc/arm-atollic-eabi/6.3.1/../../../../arm-atollic-eabi/lib/armv7e-m/fpu/libm.a
END GROUP
START GROUP
LOAD /opt/Atollic_TrueSTUDIO_for_STM32_x86_64_9.3.0/ARMTools/bin/../lib/gcc/arm-atollic-eabi/6.3.1/armv7e-m/fpu/libgcc.a
LOAD /opt/Atollic_TrueSTUDIO_for_STM32_x86_64_9.3.0/ARMTools/bin/../lib/gcc/arm-atollic-eabi/6.3.1/../../../../arm-atollic-eabi/lib/armv7e-m/fpu/libc_nano.a
END GROUP
START GROUP
LOAD /opt/Atollic_TrueSTUDIO_for_STM32_x86_64_9.3.0/ARMTools/bin/../lib/gcc/arm-atollic-eabi/6.3.1/armv7e-m/fpu/libgcc.a
LOAD /opt/Atollic_TrueSTUDIO_for_STM32_x86_64_9.3.0/ARMTools/bin/../lib/gcc/arm-atollic-eabi/6.3.1/../../../../arm-atollic-eabi/lib/armv7e-m/fpu/libc_nano.a
LOAD /opt/Atollic_TrueSTUDIO_for_STM32_x86_64_9.3.0/ARMTools/bin/../lib/gcc/arm-atollic-eabi/6.3.1/../../../../arm-atollic-eabi/lib/armv7e-m/fpu/libnosys.a
END GROUP
START GROUP
LOAD /opt/Atollic_TrueSTUDIO_for_STM32_x86_64_9.3.0/ARMTools/bin/../lib/gcc/arm-atollic-eabi/6.3.1/armv7e-m/fpu/libgcc.a
LOAD /opt/Atollic_TrueSTUDIO_for_STM32_x86_64_9.3.0/ARMTools/bin/../lib/gcc/arm-atollic-eabi/6.3.1/../../../../arm-atollic-eabi/lib/armv7e-m/fpu/libc_nano.a
LOAD /opt/Atollic_TrueSTUDIO_for_STM32_x86_64_9.3.0/ARMTools/bin/../lib/gcc/arm-atollic-eabi/6.3.1/../../../../arm-atollic-eabi/lib/armv7e-m/fpu/libnosys.a
END GROUP
LOAD /opt/Atollic_TrueSTUDIO_for_STM32_x86_64_9.3.0/ARMTools/bin/../lib/gcc/arm-atollic-eabi/6.3.1/armv7e-m/fpu/crtend.o
LOAD /opt/Atollic_TrueSTUDIO_for_STM32_x86_64_9.3.0/ARMTools/bin/../lib/gcc/arm-atollic-eabi/6.3.1/armv7e-m/fpu/crtn.o
                0x000000002000a000                _estack = 0x2000a000
                0x0000000000000200                _Min_Heap_Size = 0x200
                0x0000000000000400                _Min_Stack_Size = 0x400

.isr_vector     0x0000000008000000      0x188
                0x0000000008000000                . = ALIGN (0x4)
 *(.isr_vector)
 .isr_vector    0x0000000008000000      0x188 startup/startup_stm32f303xc.o
                0x0000000008000000                g_pfnVectors
                0x0000000008000188                . = ALIGN (0x4)

.text           0x0000000008000188     0x67fc
                0x0000000008000188                . = ALIGN (0x4)
 *(.text)
 .text          0x0000000008000188       0x40 /opt/Atollic_TrueSTUDIO_for_STM32_x86_64_9.3.0/ARMTools/bin/../lib/gcc/arm-atollic-eabi/6.3.1/armv7e-m/fpu/crtbegin.o
 *(.text*)
 .text.HAL_Init
                0x00000000080001c8       0x2c Drivers/STM32F3xx_HAL_Driver/Src/stm32f3xx_hal.o
                0x00000000080001c8                HAL_Init
 .text.HAL_InitTick
                0x00000000080001f4       0x38 Drivers/STM32F3xx_HAL_Driver/Src/stm32f3xx_hal.o
                0x00000000080001f4                HAL_InitTick
 .text.HAL_IncTick
                0x000000000800022c       0x1c Drivers/STM32F3xx_HAL_Driver/Src/stm32f3xx_hal.o
                0x000000000800022c                HAL_IncTick
 .text.HAL_GetTick
                0x0000000008000248       0x18 Drivers/STM32F3xx_HAL_Driver/Src/stm32f3xx_hal.o
                0x0000000008000248                HAL_GetTick
 .text.NVIC_SetPriorityGrouping
                0x0000000008000260       0x48 Drivers/STM32F3xx_HAL_Driver/Src/stm32f3xx_hal_cortex.o
 .text.NVIC_GetPriorityGrouping
                0x00000000080002a8       0x1c Drivers/STM32F3xx_HAL_Driver/Src/stm32f3xx_hal_cortex.o
 .text.NVIC_EnableIRQ
                0x00000000080002c4       0x34 Drivers/STM32F3xx_HAL_Driver/Src/stm32f3xx_hal_cortex.o
 .text.NVIC_SetPriority
                0x00000000080002f8       0x54 Drivers/STM32F3xx_HAL_Driver/Src/stm32f3xx_hal_cortex.o
 .text.NVIC_EncodePriority
                0x000000000800034c       0x62 Drivers/STM32F3xx_HAL_Driver/Src/stm32f3xx_hal_cortex.o
 *fill*         0x00000000080003ae        0x2 
 .text.SysTick_Config
                0x00000000080003b0       0x44 Drivers/STM32F3xx_HAL_Driver/Src/stm32f3xx_hal_cortex.o
 .text.HAL_NVIC_SetPriorityGrouping
                0x00000000080003f4       0x16 Drivers/STM32F3xx_HAL_Driver/Src/stm32f3xx_hal_cortex.o
                0x00000000080003f4                HAL_NVIC_SetPriorityGrouping
 .text.HAL_NVIC_SetPriority
                0x000000000800040a       0x38 Drivers/STM32F3xx_HAL_Driver/Src/stm32f3xx_hal_cortex.o
                0x000000000800040a                HAL_NVIC_SetPriority
 .text.HAL_NVIC_EnableIRQ
                0x0000000008000442       0x1c Drivers/STM32F3xx_HAL_Driver/Src/stm32f3xx_hal_cortex.o
                0x0000000008000442                HAL_NVIC_EnableIRQ
 .text.HAL_SYSTICK_Config
                0x000000000800045e       0x18 Drivers/STM32F3xx_HAL_Driver/Src/stm32f3xx_hal_cortex.o
                0x000000000800045e                HAL_SYSTICK_Config
 *fill*         0x0000000008000476        0x2 
 .text.HAL_SYSTICK_CLKSourceConfig
                0x0000000008000478       0x38 Drivers/STM32F3xx_HAL_Driver/Src/stm32f3xx_hal_cortex.o
                0x0000000008000478                HAL_SYSTICK_CLKSourceConfig
 .text.HAL_SYSTICK_IRQHandler
                0x00000000080004b0        0xc Drivers/STM32F3xx_HAL_Driver/Src/stm32f3xx_hal_cortex.o
                0x00000000080004b0                HAL_SYSTICK_IRQHandler
 .text.HAL_SYSTICK_Callback
                0x00000000080004bc        0xe Drivers/STM32F3xx_HAL_Driver/Src/stm32f3xx_hal_cortex.o
                0x00000000080004bc                HAL_SYSTICK_Callback
 .text.HAL_DMA_Abort_IT
                0x00000000080004ca       0x7c Drivers/STM32F3xx_HAL_Driver/Src/stm32f3xx_hal_dma.o
                0x00000000080004ca                HAL_DMA_Abort_IT
 *fill*         0x0000000008000546        0x2 
 .text.HAL_GPIO_Init
                0x0000000008000548      0x2fc Drivers/STM32F3xx_HAL_Driver/Src/stm32f3xx_hal_gpio.o
                0x0000000008000548                HAL_GPIO_Init
 .text.HAL_GPIO_WritePin
                0x0000000008000844       0x30 Drivers/STM32F3xx_HAL_Driver/Src/stm32f3xx_hal_gpio.o
                0x0000000008000844                HAL_GPIO_WritePin
 .text.HAL_GPIO_TogglePin
                0x0000000008000874       0x24 Drivers/STM32F3xx_HAL_Driver/Src/stm32f3xx_hal_gpio.o
                0x0000000008000874                HAL_GPIO_TogglePin
 .text.HAL_I2C_Init
                0x0000000008000898      0x11c Drivers/STM32F3xx_HAL_Driver/Src/stm32f3xx_hal_i2c.o
                0x0000000008000898                HAL_I2C_Init
 .text.HAL_I2C_Master_Transmit_IT
                0x00000000080009b4       0xe0 Drivers/STM32F3xx_HAL_Driver/Src/stm32f3xx_hal_i2c.o
                0x00000000080009b4                HAL_I2C_Master_Transmit_IT
 .text.HAL_I2C_Mem_Read_IT
                0x0000000008000a94      0x13c Drivers/STM32F3xx_HAL_Driver/Src/stm32f3xx_hal_i2c.o
                0x0000000008000a94                HAL_I2C_Mem_Read_IT
 .text.HAL_I2C_EV_IRQHandler
                0x0000000008000bd0       0x34 Drivers/STM32F3xx_HAL_Driver/Src/stm32f3xx_hal_i2c.o
                0x0000000008000bd0                HAL_I2C_EV_IRQHandler
 .text.HAL_I2C_ER_IRQHandler
                0x0000000008000c04       0xb6 Drivers/STM32F3xx_HAL_Driver/Src/stm32f3xx_hal_i2c.o
                0x0000000008000c04                HAL_I2C_ER_IRQHandler
 .text.HAL_I2C_MasterTxCpltCallback
                0x0000000008000cba       0x14 Drivers/STM32F3xx_HAL_Driver/Src/stm32f3xx_hal_i2c.o
                0x0000000008000cba                HAL_I2C_MasterTxCpltCallback
 .text.HAL_I2C_MasterRxCpltCallback
                0x0000000008000cce       0x14 Drivers/STM32F3xx_HAL_Driver/Src/stm32f3xx_hal_i2c.o
                0x0000000008000cce                HAL_I2C_MasterRxCpltCallback
 .text.HAL_I2C_SlaveTxCpltCallback
                0x0000000008000ce2       0x14 Drivers/STM32F3xx_HAL_Driver/Src/stm32f3xx_hal_i2c.o
                0x0000000008000ce2                HAL_I2C_SlaveTxCpltCallback
 .text.HAL_I2C_SlaveRxCpltCallback
                0x0000000008000cf6       0x14 Drivers/STM32F3xx_HAL_Driver/Src/stm32f3xx_hal_i2c.o
                0x0000000008000cf6                HAL_I2C_SlaveRxCpltCallback
 .text.HAL_I2C_AddrCallback
                0x0000000008000d0a       0x1c Drivers/STM32F3xx_HAL_Driver/Src/stm32f3xx_hal_i2c.o
                0x0000000008000d0a                HAL_I2C_AddrCallback
 .text.HAL_I2C_ListenCpltCallback
                0x0000000008000d26       0x14 Drivers/STM32F3xx_HAL_Driver/Src/stm32f3xx_hal_i2c.o
                0x0000000008000d26                HAL_I2C_ListenCpltCallback
 .text.HAL_I2C_MemTxCpltCallback
                0x0000000008000d3a       0x14 Drivers/STM32F3xx_HAL_Driver/Src/stm32f3xx_hal_i2c.o
                0x0000000008000d3a                HAL_I2C_MemTxCpltCallback
 .text.HAL_I2C_MemRxCpltCallback
                0x0000000008000d4e       0x14 Drivers/STM32F3xx_HAL_Driver/Src/stm32f3xx_hal_i2c.o
                0x0000000008000d4e                HAL_I2C_MemRxCpltCallback
 .text.HAL_I2C_ErrorCallback
                0x0000000008000d62       0x14 Drivers/STM32F3xx_HAL_Driver/Src/stm32f3xx_hal_i2c.o
                0x0000000008000d62                HAL_I2C_ErrorCallback
 .text.HAL_I2C_AbortCpltCallback
                0x0000000008000d76       0x14 Drivers/STM32F3xx_HAL_Driver/Src/stm32f3xx_hal_i2c.o
                0x0000000008000d76                HAL_I2C_AbortCpltCallback
 .text.HAL_I2C_GetState
                0x0000000008000d8a       0x1c Drivers/STM32F3xx_HAL_Driver/Src/stm32f3xx_hal_i2c.o
                0x0000000008000d8a                HAL_I2C_GetState
 .text.I2C_Master_ISR_IT
                0x0000000008000da6      0x22a Drivers/STM32F3xx_HAL_Driver/Src/stm32f3xx_hal_i2c.o
 .text.I2C_Slave_ISR_IT
                0x0000000008000fd0      0x1d4 Drivers/STM32F3xx_HAL_Driver/Src/stm32f3xx_hal_i2c.o
 .text.I2C_Master_ISR_DMA
                0x00000000080011a4      0x154 Drivers/STM32F3xx_HAL_Driver/Src/stm32f3xx_hal_i2c.o
 .text.I2C_Slave_ISR_DMA
                0x00000000080012f8       0xd8 Drivers/STM32F3xx_HAL_Driver/Src/stm32f3xx_hal_i2c.o
 .text.I2C_RequestMemoryRead
                0x00000000080013d0       0xbc Drivers/STM32F3xx_HAL_Driver/Src/stm32f3xx_hal_i2c.o
 .text.I2C_ITAddrCplt
                0x000000000800148c      0x114 Drivers/STM32F3xx_HAL_Driver/Src/stm32f3xx_hal_i2c.o
 .text.I2C_ITMasterSequentialCplt
                0x00000000080015a0       0x7a Drivers/STM32F3xx_HAL_Driver/Src/stm32f3xx_hal_i2c.o
 .text.I2C_ITSlaveSequentialCplt
                0x000000000800161a       0x7a Drivers/STM32F3xx_HAL_Driver/Src/stm32f3xx_hal_i2c.o
 .text.I2C_ITMasterCplt
                0x0000000008001694      0x130 Drivers/STM32F3xx_HAL_Driver/Src/stm32f3xx_hal_i2c.o
 .text.I2C_ITSlaveCplt
                0x00000000080017c4      0x1a0 Drivers/STM32F3xx_HAL_Driver/Src/stm32f3xx_hal_i2c.o
 .text.I2C_ITListenCplt
                0x0000000008001964       0xa4 Drivers/STM32F3xx_HAL_Driver/Src/stm32f3xx_hal_i2c.o
 .text.I2C_ITError
                0x0000000008001a08      0x17c Drivers/STM32F3xx_HAL_Driver/Src/stm32f3xx_hal_i2c.o
 .text.I2C_Flush_TXDR
                0x0000000008001b84       0x48 Drivers/STM32F3xx_HAL_Driver/Src/stm32f3xx_hal_i2c.o
 .text.I2C_DMAAbort
                0x0000000008001bcc       0x58 Drivers/STM32F3xx_HAL_Driver/Src/stm32f3xx_hal_i2c.o
 .text.I2C_WaitOnFlagUntilTimeout
                0x0000000008001c24       0x74 Drivers/STM32F3xx_HAL_Driver/Src/stm32f3xx_hal_i2c.o
 .text.I2C_WaitOnTXISFlagUntilTimeout
                0x0000000008001c98       0x80 Drivers/STM32F3xx_HAL_Driver/Src/stm32f3xx_hal_i2c.o
 .text.I2C_IsAcknowledgeFailed
                0x0000000008001d18       0xbc Drivers/STM32F3xx_HAL_Driver/Src/stm32f3xx_hal_i2c.o
 .text.I2C_TransferConfig
                0x0000000008001dd4       0x5c Drivers/STM32F3xx_HAL_Driver/Src/stm32f3xx_hal_i2c.o
 .text.I2C_Enable_IRQ
                0x0000000008001e30       0xdc Drivers/STM32F3xx_HAL_Driver/Src/stm32f3xx_hal_i2c.o
 .text.I2C_Disable_IRQ
                0x0000000008001f0c       0xcc Drivers/STM32F3xx_HAL_Driver/Src/stm32f3xx_hal_i2c.o
 .text.HAL_I2CEx_ConfigAnalogFilter
                0x0000000008001fd8       0x96 Drivers/STM32F3xx_HAL_Driver/Src/stm32f3xx_hal_i2c_ex.o
                0x0000000008001fd8                HAL_I2CEx_ConfigAnalogFilter
 .text.HAL_I2CEx_ConfigDigitalFilter
                0x000000000800206e       0x9c Drivers/STM32F3xx_HAL_Driver/Src/stm32f3xx_hal_i2c_ex.o
                0x000000000800206e                HAL_I2CEx_ConfigDigitalFilter
 *fill*         0x000000000800210a        0x2 
 .text.HAL_RCC_OscConfig
                0x000000000800210c      0xdd4 Drivers/STM32F3xx_HAL_Driver/Src/stm32f3xx_hal_rcc.o
                0x000000000800210c                HAL_RCC_OscConfig
 .text.HAL_RCC_ClockConfig
                0x0000000008002ee0      0x340 Drivers/STM32F3xx_HAL_Driver/Src/stm32f3xx_hal_rcc.o
                0x0000000008002ee0                HAL_RCC_ClockConfig
 .text.HAL_RCC_GetSysClockFreq
                0x0000000008003220       0xd4 Drivers/STM32F3xx_HAL_Driver/Src/stm32f3xx_hal_rcc.o
                0x0000000008003220                HAL_RCC_GetSysClockFreq
 .text.HAL_RCC_GetHCLKFreq
                0x00000000080032f4       0x18 Drivers/STM32F3xx_HAL_Driver/Src/stm32f3xx_hal_rcc.o
                0x00000000080032f4                HAL_RCC_GetHCLKFreq
 .text.HAL_RCC_GetPCLK1Freq
                0x000000000800330c       0x44 Drivers/STM32F3xx_HAL_Driver/Src/stm32f3xx_hal_rcc.o
                0x000000000800330c                HAL_RCC_GetPCLK1Freq
 .text.HAL_RCC_GetPCLK2Freq
                0x0000000008003350       0x44 Drivers/STM32F3xx_HAL_Driver/Src/stm32f3xx_hal_rcc.o
                0x0000000008003350                HAL_RCC_GetPCLK2Freq
 .text.HAL_RCCEx_PeriphCLKConfig
                0x0000000008003394      0x360 Drivers/STM32F3xx_HAL_Driver/Src/stm32f3xx_hal_rcc_ex.o
                0x0000000008003394                HAL_RCCEx_PeriphCLKConfig
 .text.HAL_SPI_Init
                0x00000000080036f4      0x120 Drivers/STM32F3xx_HAL_Driver/Src/stm32f3xx_hal_spi.o
                0x00000000080036f4                HAL_SPI_Init
 .text.HAL_SPI_Transmit
                0x0000000008003814      0x2ac Drivers/STM32F3xx_HAL_Driver/Src/stm32f3xx_hal_spi.o
                0x0000000008003814                HAL_SPI_Transmit
 .text.HAL_SPI_Receive
                0x0000000008003ac0      0x242 Drivers/STM32F3xx_HAL_Driver/Src/stm32f3xx_hal_spi.o
                0x0000000008003ac0                HAL_SPI_Receive
 .text.HAL_SPI_TransmitReceive
                0x0000000008003d02      0x3fe Drivers/STM32F3xx_HAL_Driver/Src/stm32f3xx_hal_spi.o
                0x0000000008003d02                HAL_SPI_TransmitReceive
 .text.HAL_SPI_GetState
                0x0000000008004100       0x1c Drivers/STM32F3xx_HAL_Driver/Src/stm32f3xx_hal_spi.o
                0x0000000008004100                HAL_SPI_GetState
 .text.SPI_WaitFlagStateUntilTimeout
                0x000000000800411c       0xd0 Drivers/STM32F3xx_HAL_Driver/Src/stm32f3xx_hal_spi.o
 .text.SPI_WaitFifoStateUntilTimeout
                0x00000000080041ec       0xe0 Drivers/STM32F3xx_HAL_Driver/Src/stm32f3xx_hal_spi.o
 .text.SPI_EndRxTransaction
                0x00000000080042cc       0xb0 Drivers/STM32F3xx_HAL_Driver/Src/stm32f3xx_hal_spi.o
 .text.SPI_EndRxTxTransaction
                0x000000000800437c       0x8c Drivers/STM32F3xx_HAL_Driver/Src/stm32f3xx_hal_spi.o
 .text.HAL_TIM_Base_Init
                0x0000000008004408       0x56 Drivers/STM32F3xx_HAL_Driver/Src/stm32f3xx_hal_tim.o
                0x0000000008004408                HAL_TIM_Base_Init
 .text.HAL_TIM_Base_Start_IT
                0x000000000800445e       0x36 Drivers/STM32F3xx_HAL_Driver/Src/stm32f3xx_hal_tim.o
                0x000000000800445e                HAL_TIM_Base_Start_IT
 .text.HAL_TIM_IRQHandler
                0x0000000008004494      0x23e Drivers/STM32F3xx_HAL_Driver/Src/stm32f3xx_hal_tim.o
                0x0000000008004494                HAL_TIM_IRQHandler
 .text.HAL_TIM_ConfigClockSource
                0x00000000080046d2      0x1c4 Drivers/STM32F3xx_HAL_Driver/Src/stm32f3xx_hal_tim.o
                0x00000000080046d2                HAL_TIM_ConfigClockSource
 *fill*         0x0000000008004896        0x2 
 .text.HAL_TIM_PeriodElapsedCallback
                0x0000000008004898       0x24 Drivers/STM32F3xx_HAL_Driver/Src/stm32f3xx_hal_tim.o
                0x0000000008004898                HAL_TIM_PeriodElapsedCallback
 .text.HAL_TIM_OC_DelayElapsedCallback
                0x00000000080048bc       0x14 Drivers/STM32F3xx_HAL_Driver/Src/stm32f3xx_hal_tim.o
                0x00000000080048bc                HAL_TIM_OC_DelayElapsedCallback
 .text.HAL_TIM_IC_CaptureCallback
                0x00000000080048d0       0x14 Drivers/STM32F3xx_HAL_Driver/Src/stm32f3xx_hal_tim.o
                0x00000000080048d0                HAL_TIM_IC_CaptureCallback
 .text.HAL_TIM_PWM_PulseFinishedCallback
                0x00000000080048e4       0x14 Drivers/STM32F3xx_HAL_Driver/Src/stm32f3xx_hal_tim.o
                0x00000000080048e4                HAL_TIM_PWM_PulseFinishedCallback
 .text.HAL_TIM_TriggerCallback
                0x00000000080048f8       0x14 Drivers/STM32F3xx_HAL_Driver/Src/stm32f3xx_hal_tim.o
                0x00000000080048f8                HAL_TIM_TriggerCallback
 .text.TIM_Base_SetConfig
                0x000000000800490c      0x124 Drivers/STM32F3xx_HAL_Driver/Src/stm32f3xx_hal_tim.o
                0x000000000800490c                TIM_Base_SetConfig
 .text.TIM_TI1_ConfigInputStage
                0x0000000008004a30       0x66 Drivers/STM32F3xx_HAL_Driver/Src/stm32f3xx_hal_tim.o
 .text.TIM_TI2_ConfigInputStage
                0x0000000008004a96       0x68 Drivers/STM32F3xx_HAL_Driver/Src/stm32f3xx_hal_tim.o
 .text.TIM_ITRx_SetConfig
                0x0000000008004afe       0x40 Drivers/STM32F3xx_HAL_Driver/Src/stm32f3xx_hal_tim.o
 .text.TIM_ETR_SetConfig
                0x0000000008004b3e       0x44 Drivers/STM32F3xx_HAL_Driver/Src/stm32f3xx_hal_tim.o
                0x0000000008004b3e                TIM_ETR_SetConfig
 *fill*         0x0000000008004b82        0x2 
 .text.HAL_TIMEx_MasterConfigSynchronization
                0x0000000008004b84       0xa8 Drivers/STM32F3xx_HAL_Driver/Src/stm32f3xx_hal_tim_ex.o
                0x0000000008004b84                HAL_TIMEx_MasterConfigSynchronization
 .text.HAL_TIMEx_CommutationCallback
                0x0000000008004c2c       0x14 Drivers/STM32F3xx_HAL_Driver/Src/stm32f3xx_hal_tim_ex.o
                0x0000000008004c2c                HAL_TIMEx_CommutationCallback
 .text.HAL_TIMEx_BreakCallback
                0x0000000008004c40       0x14 Drivers/STM32F3xx_HAL_Driver/Src/stm32f3xx_hal_tim_ex.o
                0x0000000008004c40                HAL_TIMEx_BreakCallback
 .text.HAL_TIMEx_Break2Callback
                0x0000000008004c54       0x14 Drivers/STM32F3xx_HAL_Driver/Src/stm32f3xx_hal_tim_ex.o
                0x0000000008004c54                HAL_TIMEx_Break2Callback
 .text.HAL_UART_Init
                0x0000000008004c68       0xa2 Drivers/STM32F3xx_HAL_Driver/Src/stm32f3xx_hal_uart.o
                0x0000000008004c68                HAL_UART_Init
 .text.HAL_UART_Transmit_IT
                0x0000000008004d0a       0x8e Drivers/STM32F3xx_HAL_Driver/Src/stm32f3xx_hal_uart.o
                0x0000000008004d0a                HAL_UART_Transmit_IT
 .text.HAL_UART_Receive_IT
                0x0000000008004d98       0xe8 Drivers/STM32F3xx_HAL_Driver/Src/stm32f3xx_hal_uart.o
                0x0000000008004d98                HAL_UART_Receive_IT
 .text.HAL_UART_IRQHandler
                0x0000000008004e80      0x244 Drivers/STM32F3xx_HAL_Driver/Src/stm32f3xx_hal_uart.o
                0x0000000008004e80                HAL_UART_IRQHandler
 .text.HAL_UART_TxCpltCallback
                0x00000000080050c4       0x14 Drivers/STM32F3xx_HAL_Driver/Src/stm32f3xx_hal_uart.o
                0x00000000080050c4                HAL_UART_TxCpltCallback
 .text.HAL_UART_ErrorCallback
                0x00000000080050d8       0x14 Drivers/STM32F3xx_HAL_Driver/Src/stm32f3xx_hal_uart.o
                0x00000000080050d8                HAL_UART_ErrorCallback
 .text.UART_SetConfig
                0x00000000080050ec      0x3fc Drivers/STM32F3xx_HAL_Driver/Src/stm32f3xx_hal_uart.o
                0x00000000080050ec                UART_SetConfig
 .text.UART_AdvFeatureConfig
                0x00000000080054e8      0x144 Drivers/STM32F3xx_HAL_Driver/Src/stm32f3xx_hal_uart.o
                0x00000000080054e8                UART_AdvFeatureConfig
 .text.UART_CheckIdleState
                0x000000000800562c       0x92 Drivers/STM32F3xx_HAL_Driver/Src/stm32f3xx_hal_uart.o
                0x000000000800562c                UART_CheckIdleState
 .text.UART_WaitOnFlagUntilTimeout
                0x00000000080056be       0x94 Drivers/STM32F3xx_HAL_Driver/Src/stm32f3xx_hal_uart.o
                0x00000000080056be                UART_WaitOnFlagUntilTimeout
 .text.UART_EndRxTransfer
                0x0000000008005752       0x3c Drivers/STM32F3xx_HAL_Driver/Src/stm32f3xx_hal_uart.o
 .text.UART_DMAAbortOnError
                0x000000000800578e       0x2c Drivers/STM32F3xx_HAL_Driver/Src/stm32f3xx_hal_uart.o
 .text.UART_Transmit_IT
                0x00000000080057ba       0xb0 Drivers/STM32F3xx_HAL_Driver/Src/stm32f3xx_hal_uart.o
                0x00000000080057ba                UART_Transmit_IT
 .text.UART_EndTransmit_IT
                0x000000000800586a       0x30 Drivers/STM32F3xx_HAL_Driver/Src/stm32f3xx_hal_uart.o
                0x000000000800586a                UART_EndTransmit_IT
 .text.UART_Receive_IT
                0x000000000800589a       0xd4 Drivers/STM32F3xx_HAL_Driver/Src/stm32f3xx_hal_uart.o
                0x000000000800589a                UART_Receive_IT
 .text.HAL_UARTEx_WakeupCallback
                0x000000000800596e       0x14 Drivers/STM32F3xx_HAL_Driver/Src/stm32f3xx_hal_uart_ex.o
                0x000000000800596e                HAL_UARTEx_WakeupCallback
 *fill*         0x0000000008005982        0x2 
 .text.MX_I2C1_Init
                0x0000000008005984       0x90 Src/i2c.o
                0x0000000008005984                MX_I2C1_Init
 .text.HAL_I2C_MspInit
                0x0000000008005a14       0x80 Src/i2c.o
                0x0000000008005a14                HAL_I2C_MspInit
 .text.my_delay
                0x0000000008005a94       0x28 Src/main.o
                0x0000000008005a94                my_delay
 .text.L3GD20_Read
                0x0000000008005abc       0x90 Src/main.o
                0x0000000008005abc                L3GD20_Read
 .text.SystemClock_Config
                0x0000000008005b4c       0xdc Src/main.o
                0x0000000008005b4c                SystemClock_Config
 .text.MX_USART1_UART_Init
                0x0000000008005c28       0x74 Src/main.o
 .text.HAL_UART_RxCpltCallback
                0x0000000008005c9c       0x4c Src/main.o
                0x0000000008005c9c                HAL_UART_RxCpltCallback
 .text.MX_SPI1_Init
                0x0000000008005ce8       0x84 Src/main.o
 .text.MX_TIM2_Init
                0x0000000008005d6c       0x94 Src/main.o
 .text.MX_GPIO_Init
                0x0000000008005e00       0xd8 Src/main.o
 .text.read_gyro_x
                0x0000000008005ed8       0x44 Src/main.o
                0x0000000008005ed8                read_gyro_x
 .text.read_gyro_y
                0x0000000008005f1c       0x44 Src/main.o
                0x0000000008005f1c                read_gyro_y
 .text.read_gyro_z
                0x0000000008005f60       0x44 Src/main.o
                0x0000000008005f60                read_gyro_z
 .text.main     0x0000000008005fa4      0x608 Src/main.o
                0x0000000008005fa4                main
 .text._Error_Handler
                0x00000000080065ac        0xc Src/main.o
                0x00000000080065ac                _Error_Handler
 .text.HAL_MspInit
                0x00000000080065b8       0x84 Src/stm32f3xx_hal_msp.o
                0x00000000080065b8                HAL_MspInit
 .text.HAL_UART_MspInit
                0x000000000800663c       0x70 Src/stm32f3xx_hal_msp.o
                0x000000000800663c                HAL_UART_MspInit
 .text.HAL_SPI_MspInit
                0x00000000080066ac       0x80 Src/stm32f3xx_hal_msp.o
                0x00000000080066ac                HAL_SPI_MspInit
 .text.HAL_TIM_Base_MspInit
                0x000000000800672c       0x48 Src/stm32f3xx_hal_msp.o
                0x000000000800672c                HAL_TIM_Base_MspInit
 .text.NMI_Handler
                0x0000000008006774        0xe Src/stm32f3xx_it.o
                0x0000000008006774                NMI_Handler
 .text.HardFault_Handler
                0x0000000008006782        0x6 Src/stm32f3xx_it.o
                0x0000000008006782                HardFault_Handler
 .text.MemManage_Handler
                0x0000000008006788        0x6 Src/stm32f3xx_it.o
                0x0000000008006788                MemManage_Handler
 .text.BusFault_Handler
                0x000000000800678e        0x6 Src/stm32f3xx_it.o
                0x000000000800678e                BusFault_Handler
 .text.UsageFault_Handler
                0x0000000008006794        0x6 Src/stm32f3xx_it.o
                0x0000000008006794                UsageFault_Handler
 .text.SVC_Handler
                0x000000000800679a        0xe Src/stm32f3xx_it.o
                0x000000000800679a                SVC_Handler
 .text.DebugMon_Handler
                0x00000000080067a8        0xe Src/stm32f3xx_it.o
                0x00000000080067a8                DebugMon_Handler
 .text.PendSV_Handler
                0x00000000080067b6        0xe Src/stm32f3xx_it.o
                0x00000000080067b6                PendSV_Handler
 .text.SysTick_Handler
                0x00000000080067c4       0x1c Src/stm32f3xx_it.o
                0x00000000080067c4                SysTick_Handler
 .text.TIM2_IRQHandler
                0x00000000080067e0       0x20 Src/stm32f3xx_it.o
                0x00000000080067e0                TIM2_IRQHandler
 .text.USART1_IRQHandler
                0x0000000008006800       0x14 Src/stm32f3xx_it.o
                0x0000000008006800                USART1_IRQHandler
 .text.I2C1_EV_IRQHandler
                0x0000000008006814       0x14 Src/stm32f3xx_it.o
                0x0000000008006814                I2C1_EV_IRQHandler
 .text.I2C1_ER_IRQHandler
                0x0000000008006828       0x14 Src/stm32f3xx_it.o
                0x0000000008006828                I2C1_ER_IRQHandler
 .text.SystemInit
                0x000000000800683c       0x94 Src/system_stm32f3xx.o
                0x000000000800683c                SystemInit
 .text.Reset_Handler
                0x00000000080068d0       0x50 startup/startup_stm32f303xc.o
                0x00000000080068d0                Reset_Handler
 .text.Default_Handler
                0x0000000008006920        0x2 startup/startup_stm32f303xc.o
                0x0000000008006920                RTC_Alarm_IRQHandler
                0x0000000008006920                TIM8_TRG_COM_IRQHandler
                0x0000000008006920                TIM8_CC_IRQHandler
                0x0000000008006920                TIM1_CC_IRQHandler
                0x0000000008006920                USB_HP_IRQHandler
                0x0000000008006920                PVD_IRQHandler
                0x0000000008006920                TAMP_STAMP_IRQHandler
                0x0000000008006920                EXTI3_IRQHandler
                0x0000000008006920                USB_HP_CAN_TX_IRQHandler
                0x0000000008006920                EXTI0_IRQHandler
                0x0000000008006920                I2C2_EV_IRQHandler
                0x0000000008006920                FPU_IRQHandler
                0x0000000008006920                TIM1_UP_TIM16_IRQHandler
                0x0000000008006920                ADC1_2_IRQHandler
                0x0000000008006920                SPI1_IRQHandler
                0x0000000008006920                CAN_SCE_IRQHandler
                0x0000000008006920                TIM6_DAC_IRQHandler
                0x0000000008006920                TIM8_UP_IRQHandler
                0x0000000008006920                DMA2_Channel2_IRQHandler
                0x0000000008006920                DMA1_Channel4_IRQHandler
                0x0000000008006920                USART3_IRQHandler
                0x0000000008006920                DMA1_Channel7_IRQHandler
                0x0000000008006920                UART5_IRQHandler
                0x0000000008006920                ADC3_IRQHandler
                0x0000000008006920                TIM4_IRQHandler
                0x0000000008006920                CAN_RX1_IRQHandler
                0x0000000008006920                DMA2_Channel1_IRQHandler
                0x0000000008006920                DMA1_Channel6_IRQHandler
                0x0000000008006920                UART4_IRQHandler
                0x0000000008006920                DMA2_Channel4_IRQHandler
                0x0000000008006920                TIM3_IRQHandler
                0x0000000008006920                RCC_IRQHandler
                0x0000000008006920                DMA1_Channel1_IRQHandler
                0x0000000008006920                Default_Handler
                0x0000000008006920                USBWakeUp_RMP_IRQHandler
                0x0000000008006920                EXTI15_10_IRQHandler
                0x0000000008006920                TIM7_IRQHandler
                0x0000000008006920                EXTI9_5_IRQHandler
                0x0000000008006920                RTC_WKUP_IRQHandler
                0x0000000008006920                SPI2_IRQHandler
                0x0000000008006920                USB_LP_CAN_RX0_IRQHandler
                0x0000000008006920                DMA2_Channel5_IRQHandler
                0x0000000008006920                DMA1_Channel5_IRQHandler
                0x0000000008006920                USB_LP_IRQHandler
                0x0000000008006920                EXTI4_IRQHandler
                0x0000000008006920                TIM1_TRG_COM_TIM17_IRQHandler
                0x0000000008006920                DMA1_Channel3_IRQHandler
                0x0000000008006920                ADC4_IRQHandler
                0x0000000008006920                WWDG_IRQHandler
                0x0000000008006920                COMP7_IRQHandler
                0x0000000008006920                COMP1_2_3_IRQHandler
                0x0000000008006920                EXTI1_IRQHandler
                0x0000000008006920                USART2_IRQHandler
                0x0000000008006920                COMP4_5_6_IRQHandler
                0x0000000008006920                I2C2_ER_IRQHandler
                0x0000000008006920                DMA1_Channel2_IRQHandler
                0x0000000008006920                TIM8_BRK_IRQHandler
                0x0000000008006920                FLASH_IRQHandler
                0x0000000008006920                SPI3_IRQHandler
                0x0000000008006920                USBWakeUp_IRQHandler
                0x0000000008006920                DMA2_Channel3_IRQHandler
                0x0000000008006920                EXTI2_TSC_IRQHandler
                0x0000000008006920                TIM1_BRK_TIM15_IRQHandler
 *fill*         0x0000000008006922        0x2 
 .text.__libc_init_array
                0x0000000008006924       0x48 /opt/Atollic_TrueSTUDIO_for_STM32_x86_64_9.3.0/ARMTools/bin/../lib/gcc/arm-atollic-eabi/6.3.1/../../../../arm-atollic-eabi/lib/armv7e-m/fpu/libc_nano.a(lib_a-init.o)
                0x0000000008006924                __libc_init_array
 *(.glue_7)
 .glue_7        0x000000000800696c        0x0 linker stubs
 *(.glue_7t)
 .glue_7t       0x000000000800696c        0x0 linker stubs
 *(.eh_frame)
 .eh_frame      0x000000000800696c        0x0 /opt/Atollic_TrueSTUDIO_for_STM32_x86_64_9.3.0/ARMTools/bin/../lib/gcc/arm-atollic-eabi/6.3.1/armv7e-m/fpu/crtbegin.o
 *(.init)
 .init          0x000000000800696c        0x4 /opt/Atollic_TrueSTUDIO_for_STM32_x86_64_9.3.0/ARMTools/bin/../lib/gcc/arm-atollic-eabi/6.3.1/armv7e-m/fpu/crti.o
                0x000000000800696c                _init
 .init          0x0000000008006970        0x8 /opt/Atollic_TrueSTUDIO_for_STM32_x86_64_9.3.0/ARMTools/bin/../lib/gcc/arm-atollic-eabi/6.3.1/armv7e-m/fpu/crtn.o
 *(.fini)
 .fini          0x0000000008006978        0x4 /opt/Atollic_TrueSTUDIO_for_STM32_x86_64_9.3.0/ARMTools/bin/../lib/gcc/arm-atollic-eabi/6.3.1/armv7e-m/fpu/crti.o
                0x0000000008006978                _fini
 .fini          0x000000000800697c        0x8 /opt/Atollic_TrueSTUDIO_for_STM32_x86_64_9.3.0/ARMTools/bin/../lib/gcc/arm-atollic-eabi/6.3.1/armv7e-m/fpu/crtn.o
                0x0000000008006984                . = ALIGN (0x4)
                0x0000000008006984                _etext = .

.vfp11_veneer   0x0000000008006984        0x0
 .vfp11_veneer  0x0000000008006984        0x0 linker stubs

.v4_bx          0x0000000008006984        0x0
 .v4_bx         0x0000000008006984        0x0 linker stubs

.iplt           0x0000000008006984        0x0
 .iplt          0x0000000008006984        0x0 /opt/Atollic_TrueSTUDIO_for_STM32_x86_64_9.3.0/ARMTools/bin/../lib/gcc/arm-atollic-eabi/6.3.1/armv7e-m/fpu/crtbegin.o

.rodata         0x0000000008006984       0x58
                0x0000000008006984                . = ALIGN (0x4)
 *(.rodata)
 .rodata        0x0000000008006984        0xd Src/i2c.o
 *fill*         0x0000000008006991        0x3 
 .rodata        0x0000000008006994        0xe Src/main.o
 *(.rodata*)
 *fill*         0x00000000080069a2        0x2 
 .rodata.aPLLMULFactorTable
                0x00000000080069a4       0x10 Drivers/STM32F3xx_HAL_Driver/Src/stm32f3xx_hal_rcc.o
                0x00000000080069a4                aPLLMULFactorTable
 .rodata.aPredivFactorTable
                0x00000000080069b4       0x10 Drivers/STM32F3xx_HAL_Driver/Src/stm32f3xx_hal_rcc.o
                0x00000000080069b4                aPredivFactorTable
 .rodata.AHBPrescTable
                0x00000000080069c4       0x10 Src/system_stm32f3xx.o
                0x00000000080069c4                AHBPrescTable
 .rodata.APBPrescTable
                0x00000000080069d4        0x8 Src/system_stm32f3xx.o
                0x00000000080069d4                APBPrescTable
                0x00000000080069dc                . = ALIGN (0x4)

.rel.dyn        0x00000000080069dc        0x0
 .rel.iplt      0x00000000080069dc        0x0 /opt/Atollic_TrueSTUDIO_for_STM32_x86_64_9.3.0/ARMTools/bin/../lib/gcc/arm-atollic-eabi/6.3.1/armv7e-m/fpu/crtbegin.o

.ARM.extab
 *(.ARM.extab* .gnu.linkonce.armextab.*)

.ARM            0x00000000080069dc        0x0
                0x00000000080069dc                __exidx_start = .
 *(.ARM.exidx*)
                0x00000000080069dc                __exidx_end = .

.preinit_array  0x00000000080069dc        0x0
                0x00000000080069dc                PROVIDE (__preinit_array_start, .)
 *(.preinit_array*)
                0x00000000080069dc                PROVIDE (__preinit_array_end, .)

.init_array     0x00000000080069dc        0x4
                0x00000000080069dc                PROVIDE (__init_array_start, .)
 *(SORT(.init_array.*))
 *(.init_array*)
 .init_array    0x00000000080069dc        0x4 /opt/Atollic_TrueSTUDIO_for_STM32_x86_64_9.3.0/ARMTools/bin/../lib/gcc/arm-atollic-eabi/6.3.1/armv7e-m/fpu/crtbegin.o
                0x00000000080069e0                PROVIDE (__init_array_end, .)

.fini_array     0x00000000080069e0        0x4
                [!provide]                        PROVIDE (__fini_array_start, .)
 *(SORT(.fini_array.*))
 *(.fini_array*)
 .fini_array    0x00000000080069e0        0x4 /opt/Atollic_TrueSTUDIO_for_STM32_x86_64_9.3.0/ARMTools/bin/../lib/gcc/arm-atollic-eabi/6.3.1/armv7e-m/fpu/crtbegin.o
                [!provide]                        PROVIDE (__fini_array_end, .)
                0x00000000080069e4                _sidata = LOADADDR (.data)

.data           0x0000000020000000        0x4 load address 0x00000000080069e4
                0x0000000020000000                . = ALIGN (0x4)
                0x0000000020000000                _sdata = .
 *(.data)
 *(.data*)
 .data.SystemCoreClock
                0x0000000020000000        0x4 Src/system_stm32f3xx.o
                0x0000000020000000                SystemCoreClock
                0x0000000020000004                . = ALIGN (0x4)
                0x0000000020000004                _edata = .
                0x00000000080069e8                _siccmram = LOADADDR (.ccmram)

.igot.plt       0x0000000020000004        0x0 load address 0x00000000080069e8
 .igot.plt      0x0000000020000004        0x0 /opt/Atollic_TrueSTUDIO_for_STM32_x86_64_9.3.0/ARMTools/bin/../lib/gcc/arm-atollic-eabi/6.3.1/armv7e-m/fpu/crtbegin.o

.ccmram         0x0000000010000000        0x0 load address 0x00000000080069e8
                0x0000000010000000                . = ALIGN (0x4)
                0x0000000010000000                _sccmram = .
 *(.ccmram)
 *(.ccmram*)
                0x0000000010000000                . = ALIGN (0x4)
                0x0000000010000000                _eccmram = .
                0x0000000010000000                . = ALIGN (0x4)

.bss            0x0000000020000004      0x264
                0x0000000020000004                _sbss = .
                0x0000000020000004                __bss_start__ = _sbss
 *(.bss)
 .bss           0x0000000020000004       0x1c /opt/Atollic_TrueSTUDIO_for_STM32_x86_64_9.3.0/ARMTools/bin/../lib/gcc/arm-atollic-eabi/6.3.1/armv7e-m/fpu/crtbegin.o
 *(.bss*)
 .bss.x_value   0x0000000020000020        0x4 Src/main.o
                0x0000000020000020                x_value
 .bss.y_value   0x0000000020000024        0x4 Src/main.o
                0x0000000020000024                y_value
 .bss.z_value   0x0000000020000028        0x4 Src/main.o
                0x0000000020000028                z_value
 .bss.whoami    0x000000002000002c        0x1 Src/main.o
                0x000000002000002c                whoami
 .bss.STATUS_reg
                0x000000002000002d        0x1 Src/main.o
                0x000000002000002d                STATUS_reg
 .bss.X_low     0x000000002000002e        0x1 Src/main.o
                0x000000002000002e                X_low
 .bss.X_high    0x000000002000002f        0x1 Src/main.o
                0x000000002000002f                X_high
 .bss.Y_low     0x0000000020000030        0x1 Src/main.o
                0x0000000020000030                Y_low
 .bss.Y_high    0x0000000020000031        0x1 Src/main.o
                0x0000000020000031                Y_high
 .bss.Z_low     0x0000000020000032        0x1 Src/main.o
                0x0000000020000032                Z_low
 .bss.Z_high    0x0000000020000033        0x1 Src/main.o
                0x0000000020000033                Z_high
 *(COMMON)
 COMMON         0x0000000020000034       0x54 Drivers/STM32F3xx_HAL_Driver/Src/stm32f3xx_hal.o
                0x0000000020000034                _1_msec
                0x0000000020000035                _100_msec
                0x0000000020000038                rx_idle_counter
                0x000000002000003c                uwTick
                0x0000000020000040                rx_buffer
                0x0000000020000060                tx_buffer
                0x0000000020000080                rx_counter
                0x0000000020000081                rx_byte
                0x0000000020000084                _100_usec_counter
 COMMON         0x0000000020000088        0x4 Drivers/STM32F3xx_HAL_Driver/Src/stm32f3xx_hal_tim.o
                0x0000000020000088                cntr
 COMMON         0x000000002000008c       0x4c Src/i2c.o
                0x000000002000008c                hi2c1
 COMMON         0x00000000200000d8      0x18f Src/main.o
                0x00000000200000d8                INT1_TSH_zh
                0x00000000200000d9                address_ctrl1
                0x00000000200000dc                I2C_transmit_buffer
                0x00000000200000fc                reference
                0x00000000200000fd                I2C_MAG_status
                0x00000000200000fe                INT1_TSH_zl
                0x0000000020000100                huart1
                0x0000000020000170                data_ctrl1
                0x0000000020000174                I2C_receive_buffer
                0x0000000020000194                INT1_duration
                0x0000000020000195                INT1_TSH_yl
                0x0000000020000196                address_status
                0x0000000020000197                receivedata
                0x0000000020000198                hspi1
                0x00000000200001fc                INT1_TSH_xl
                0x0000000020000200                htim2
                0x0000000020000240                INT1_TSH_xh
                0x0000000020000241                INT1_src
                0x0000000020000242                INT1_cfg
                0x0000000020000244                I2C_MAG_buffer
                0x0000000020000264                INT1_TSH_yh
                0x0000000020000265                I2C_ACC_status
                0x0000000020000266                data_status
                0x0000000020000268                . = ALIGN (0x4)
 *fill*         0x0000000020000267        0x1 
                0x0000000020000268                _ebss = .
                0x0000000020000268                __bss_end__ = _ebss

._user_heap_stack
                0x0000000020000268      0x600
                0x0000000020000268                . = ALIGN (0x4)
                [!provide]                        PROVIDE (end, .)
                [!provide]                        PROVIDE (_end, .)
                0x0000000020000468                . = (. + _Min_Heap_Size)
 *fill*         0x0000000020000268      0x200 
                0x0000000020000868                . = (. + _Min_Stack_Size)
 *fill*         0x0000000020000468      0x400 
                0x0000000020000868                . = ALIGN (0x4)

/DISCARD/
 libc.a(*)
 libm.a(*)
 libgcc.a(*)

.ARM.attributes
                0x0000000000000000       0x30
 *(.ARM.attributes)
 .ARM.attributes
                0x0000000000000000       0x22 /opt/Atollic_TrueSTUDIO_for_STM32_x86_64_9.3.0/ARMTools/bin/../lib/gcc/arm-atollic-eabi/6.3.1/armv7e-m/fpu/crti.o
 .ARM.attributes
                0x0000000000000022       0x34 /opt/Atollic_TrueSTUDIO_for_STM32_x86_64_9.3.0/ARMTools/bin/../lib/gcc/arm-atollic-eabi/6.3.1/armv7e-m/fpu/crtbegin.o
 .ARM.attributes
                0x0000000000000056       0x39 Drivers/STM32F3xx_HAL_Driver/Src/stm32f3xx_hal.o
 .ARM.attributes
                0x000000000000008f       0x39 Drivers/STM32F3xx_HAL_Driver/Src/stm32f3xx_hal_cortex.o
 .ARM.attributes
                0x00000000000000c8       0x39 Drivers/STM32F3xx_HAL_Driver/Src/stm32f3xx_hal_dma.o
 .ARM.attributes
                0x0000000000000101       0x39 Drivers/STM32F3xx_HAL_Driver/Src/stm32f3xx_hal_gpio.o
 .ARM.attributes
                0x000000000000013a       0x39 Drivers/STM32F3xx_HAL_Driver/Src/stm32f3xx_hal_i2c.o
 .ARM.attributes
                0x0000000000000173       0x39 Drivers/STM32F3xx_HAL_Driver/Src/stm32f3xx_hal_i2c_ex.o
 .ARM.attributes
                0x00000000000001ac       0x39 Drivers/STM32F3xx_HAL_Driver/Src/stm32f3xx_hal_rcc.o
 .ARM.attributes
                0x00000000000001e5       0x39 Drivers/STM32F3xx_HAL_Driver/Src/stm32f3xx_hal_rcc_ex.o
 .ARM.attributes
                0x000000000000021e       0x39 Drivers/STM32F3xx_HAL_Driver/Src/stm32f3xx_hal_spi.o
 .ARM.attributes
                0x0000000000000257       0x39 Drivers/STM32F3xx_HAL_Driver/Src/stm32f3xx_hal_tim.o
 .ARM.attributes
                0x0000000000000290       0x39 Drivers/STM32F3xx_HAL_Driver/Src/stm32f3xx_hal_tim_ex.o
 .ARM.attributes
                0x00000000000002c9       0x39 Drivers/STM32F3xx_HAL_Driver/Src/stm32f3xx_hal_uart.o
 .ARM.attributes
                0x0000000000000302       0x39 Drivers/STM32F3xx_HAL_Driver/Src/stm32f3xx_hal_uart_ex.o
 .ARM.attributes
                0x000000000000033b       0x39 Src/i2c.o
 .ARM.attributes
                0x0000000000000374       0x39 Src/main.o
 .ARM.attributes
                0x00000000000003ad       0x39 Src/stm32f3xx_hal_msp.o
 .ARM.attributes
                0x00000000000003e6       0x39 Src/stm32f3xx_it.o
 .ARM.attributes
                0x000000000000041f       0x39 Src/system_stm32f3xx.o
 .ARM.attributes
                0x0000000000000458       0x21 startup/startup_stm32f303xc.o
 .ARM.attributes
                0x0000000000000479       0x34 /opt/Atollic_TrueSTUDIO_for_STM32_x86_64_9.3.0/ARMTools/bin/../lib/gcc/arm-atollic-eabi/6.3.1/../../../../arm-atollic-eabi/lib/armv7e-m/fpu/libc_nano.a(lib_a-init.o)
 .ARM.attributes
                0x00000000000004ad       0x22 /opt/Atollic_TrueSTUDIO_for_STM32_x86_64_9.3.0/ARMTools/bin/../lib/gcc/arm-atollic-eabi/6.3.1/armv7e-m/fpu/crtn.o
OUTPUT(gyro_ahmet.elf elf32-littlearm)

.debug_info     0x0000000000000000    0x1ad39
 .debug_info    0x0000000000000000      0xfae Drivers/STM32F3xx_HAL_Driver/Src/stm32f3xx_hal.o
 .debug_info    0x0000000000000fae     0x15e2 Drivers/STM32F3xx_HAL_Driver/Src/stm32f3xx_hal_cortex.o
 .debug_info    0x0000000000002590     0x101b Drivers/STM32F3xx_HAL_Driver/Src/stm32f3xx_hal_dma.o
 .debug_info    0x00000000000035ab      0xf6c Drivers/STM32F3xx_HAL_Driver/Src/stm32f3xx_hal_gpio.o
 .debug_info    0x0000000000004517     0x246a Drivers/STM32F3xx_HAL_Driver/Src/stm32f3xx_hal_i2c.o
 .debug_info    0x0000000000006981     0x112f Drivers/STM32F3xx_HAL_Driver/Src/stm32f3xx_hal_i2c_ex.o
 .debug_info    0x0000000000007ab0     0x1ffe Drivers/STM32F3xx_HAL_Driver/Src/stm32f3xx_hal_rcc.o
 .debug_info    0x0000000000009aae      0xf0c Drivers/STM32F3xx_HAL_Driver/Src/stm32f3xx_hal_rcc_ex.o
 .debug_info    0x000000000000a9ba     0x1e43 Drivers/STM32F3xx_HAL_Driver/Src/stm32f3xx_hal_spi.o
 .debug_info    0x000000000000c7fd     0x2b76 Drivers/STM32F3xx_HAL_Driver/Src/stm32f3xx_hal_tim.o
 .debug_info    0x000000000000f373     0x1b44 Drivers/STM32F3xx_HAL_Driver/Src/stm32f3xx_hal_tim_ex.o
 .debug_info    0x0000000000010eb7     0x1cde Drivers/STM32F3xx_HAL_Driver/Src/stm32f3xx_hal_uart.o
 .debug_info    0x0000000000012b95     0x10cd Drivers/STM32F3xx_HAL_Driver/Src/stm32f3xx_hal_uart_ex.o
 .debug_info    0x0000000000013c62     0x12ef Src/i2c.o
 .debug_info    0x0000000000014f51     0x2280 Src/main.o
 .debug_info    0x00000000000171d1     0x18f4 Src/stm32f3xx_hal_msp.o
 .debug_info    0x0000000000018ac5     0x1549 Src/stm32f3xx_it.o
 .debug_info    0x000000000001a00e      0xcb4 Src/system_stm32f3xx.o
 .debug_info    0x000000000001acc2       0x77 startup/startup_stm32f303xc.o

.debug_abbrev   0x0000000000000000     0x2cc7
 .debug_abbrev  0x0000000000000000      0x266 Drivers/STM32F3xx_HAL_Driver/Src/stm32f3xx_hal.o
 .debug_abbrev  0x0000000000000266      0x34e Drivers/STM32F3xx_HAL_Driver/Src/stm32f3xx_hal_cortex.o
 .debug_abbrev  0x00000000000005b4      0x27b Drivers/STM32F3xx_HAL_Driver/Src/stm32f3xx_hal_dma.o
 .debug_abbrev  0x000000000000082f      0x25d Drivers/STM32F3xx_HAL_Driver/Src/stm32f3xx_hal_gpio.o
 .debug_abbrev  0x0000000000000a8c      0x2b6 Drivers/STM32F3xx_HAL_Driver/Src/stm32f3xx_hal_i2c.o
 .debug_abbrev  0x0000000000000d42      0x22b Drivers/STM32F3xx_HAL_Driver/Src/stm32f3xx_hal_i2c_ex.o
 .debug_abbrev  0x0000000000000f6d      0x2fc Drivers/STM32F3xx_HAL_Driver/Src/stm32f3xx_hal_rcc.o
 .debug_abbrev  0x0000000000001269      0x2d8 Drivers/STM32F3xx_HAL_Driver/Src/stm32f3xx_hal_rcc_ex.o
 .debug_abbrev  0x0000000000001541      0x2a5 Drivers/STM32F3xx_HAL_Driver/Src/stm32f3xx_hal_spi.o
 .debug_abbrev  0x00000000000017e6      0x2bc Drivers/STM32F3xx_HAL_Driver/Src/stm32f3xx_hal_tim.o
 .debug_abbrev  0x0000000000001aa2      0x299 Drivers/STM32F3xx_HAL_Driver/Src/stm32f3xx_hal_tim_ex.o
 .debug_abbrev  0x0000000000001d3b      0x282 Drivers/STM32F3xx_HAL_Driver/Src/stm32f3xx_hal_uart.o
 .debug_abbrev  0x0000000000001fbd      0x247 Drivers/STM32F3xx_HAL_Driver/Src/stm32f3xx_hal_uart_ex.o
 .debug_abbrev  0x0000000000002204      0x205 Src/i2c.o
 .debug_abbrev  0x0000000000002409      0x2f5 Src/main.o
 .debug_abbrev  0x00000000000026fe      0x207 Src/stm32f3xx_hal_msp.o
 .debug_abbrev  0x0000000000002905      0x1d5 Src/stm32f3xx_it.o
 .debug_abbrev  0x0000000000002ada      0x1db Src/system_stm32f3xx.o
 .debug_abbrev  0x0000000000002cb5       0x12 startup/startup_stm32f303xc.o

.debug_aranges  0x0000000000000000     0x10f8
 .debug_aranges
                0x0000000000000000       0xc8 Drivers/STM32F3xx_HAL_Driver/Src/stm32f3xx_hal.o
 .debug_aranges
                0x00000000000000c8      0x118 Drivers/STM32F3xx_HAL_Driver/Src/stm32f3xx_hal_cortex.o
 .debug_aranges
                0x00000000000001e0       0x88 Drivers/STM32F3xx_HAL_Driver/Src/stm32f3xx_hal_dma.o
 .debug_aranges
                0x0000000000000268       0x58 Drivers/STM32F3xx_HAL_Driver/Src/stm32f3xx_hal_gpio.o
 .debug_aranges
                0x00000000000002c0      0x260 Drivers/STM32F3xx_HAL_Driver/Src/stm32f3xx_hal_i2c.o
 .debug_aranges
                0x0000000000000520       0x48 Drivers/STM32F3xx_HAL_Driver/Src/stm32f3xx_hal_i2c_ex.o
 .debug_aranges
                0x0000000000000568       0x88 Drivers/STM32F3xx_HAL_Driver/Src/stm32f3xx_hal_rcc.o
 .debug_aranges
                0x00000000000005f0       0x38 Drivers/STM32F3xx_HAL_Driver/Src/stm32f3xx_hal_rcc_ex.o
 .debug_aranges
                0x0000000000000628      0x1d8 Drivers/STM32F3xx_HAL_Driver/Src/stm32f3xx_hal_spi.o
 .debug_aranges
                0x0000000000000800      0x378 Drivers/STM32F3xx_HAL_Driver/Src/stm32f3xx_hal_tim.o
 .debug_aranges
                0x0000000000000b78      0x178 Drivers/STM32F3xx_HAL_Driver/Src/stm32f3xx_hal_tim_ex.o
 .debug_aranges
                0x0000000000000cf0      0x1f0 Drivers/STM32F3xx_HAL_Driver/Src/stm32f3xx_hal_uart.o
 .debug_aranges
                0x0000000000000ee0       0x48 Drivers/STM32F3xx_HAL_Driver/Src/stm32f3xx_hal_uart_ex.o
 .debug_aranges
                0x0000000000000f28       0x30 Src/i2c.o
 .debug_aranges
                0x0000000000000f58       0x80 Src/main.o
 .debug_aranges
                0x0000000000000fd8       0x50 Src/stm32f3xx_hal_msp.o
 .debug_aranges
                0x0000000000001028       0x80 Src/stm32f3xx_it.o
 .debug_aranges
                0x00000000000010a8       0x28 Src/system_stm32f3xx.o
 .debug_aranges
                0x00000000000010d0       0x28 startup/startup_stm32f303xc.o

.debug_ranges   0x0000000000000000      0xfd0
 .debug_ranges  0x0000000000000000       0xb8 Drivers/STM32F3xx_HAL_Driver/Src/stm32f3xx_hal.o
 .debug_ranges  0x00000000000000b8      0x108 Drivers/STM32F3xx_HAL_Driver/Src/stm32f3xx_hal_cortex.o
 .debug_ranges  0x00000000000001c0       0x78 Drivers/STM32F3xx_HAL_Driver/Src/stm32f3xx_hal_dma.o
 .debug_ranges  0x0000000000000238       0x48 Drivers/STM32F3xx_HAL_Driver/Src/stm32f3xx_hal_gpio.o
 .debug_ranges  0x0000000000000280      0x250 Drivers/STM32F3xx_HAL_Driver/Src/stm32f3xx_hal_i2c.o
 .debug_ranges  0x00000000000004d0       0x38 Drivers/STM32F3xx_HAL_Driver/Src/stm32f3xx_hal_i2c_ex.o
 .debug_ranges  0x0000000000000508       0x78 Drivers/STM32F3xx_HAL_Driver/Src/stm32f3xx_hal_rcc.o
 .debug_ranges  0x0000000000000580       0x28 Drivers/STM32F3xx_HAL_Driver/Src/stm32f3xx_hal_rcc_ex.o
 .debug_ranges  0x00000000000005a8      0x1c8 Drivers/STM32F3xx_HAL_Driver/Src/stm32f3xx_hal_spi.o
 .debug_ranges  0x0000000000000770      0x368 Drivers/STM32F3xx_HAL_Driver/Src/stm32f3xx_hal_tim.o
 .debug_ranges  0x0000000000000ad8      0x168 Drivers/STM32F3xx_HAL_Driver/Src/stm32f3xx_hal_tim_ex.o
 .debug_ranges  0x0000000000000c40      0x1e0 Drivers/STM32F3xx_HAL_Driver/Src/stm32f3xx_hal_uart.o
 .debug_ranges  0x0000000000000e20       0x38 Drivers/STM32F3xx_HAL_Driver/Src/stm32f3xx_hal_uart_ex.o
 .debug_ranges  0x0000000000000e58       0x20 Src/i2c.o
 .debug_ranges  0x0000000000000e78       0x70 Src/main.o
 .debug_ranges  0x0000000000000ee8       0x40 Src/stm32f3xx_hal_msp.o
 .debug_ranges  0x0000000000000f28       0x70 Src/stm32f3xx_it.o
 .debug_ranges  0x0000000000000f98       0x18 Src/system_stm32f3xx.o
 .debug_ranges  0x0000000000000fb0       0x20 startup/startup_stm32f303xc.o

.debug_line     0x0000000000000000     0x89a2
 .debug_line    0x0000000000000000      0x418 Drivers/STM32F3xx_HAL_Driver/Src/stm32f3xx_hal.o
 .debug_line    0x0000000000000418      0x5a0 Drivers/STM32F3xx_HAL_Driver/Src/stm32f3xx_hal_cortex.o
 .debug_line    0x00000000000009b8      0x4bb Drivers/STM32F3xx_HAL_Driver/Src/stm32f3xx_hal_dma.o
 .debug_line    0x0000000000000e73      0x435 Drivers/STM32F3xx_HAL_Driver/Src/stm32f3xx_hal_gpio.o
 .debug_line    0x00000000000012a8     0x135c Drivers/STM32F3xx_HAL_Driver/Src/stm32f3xx_hal_i2c.o
 .debug_line    0x0000000000002604      0x3f2 Drivers/STM32F3xx_HAL_Driver/Src/stm32f3xx_hal_i2c_ex.o
 .debug_line    0x00000000000029f6      0x9d1 Drivers/STM32F3xx_HAL_Driver/Src/stm32f3xx_hal_rcc.o
 .debug_line    0x00000000000033c7      0x581 Drivers/STM32F3xx_HAL_Driver/Src/stm32f3xx_hal_rcc_ex.o
 .debug_line    0x0000000000003948      0xd17 Drivers/STM32F3xx_HAL_Driver/Src/stm32f3xx_hal_spi.o
 .debug_line    0x000000000000465f     0x1556 Drivers/STM32F3xx_HAL_Driver/Src/stm32f3xx_hal_tim.o
 .debug_line    0x0000000000005bb5      0xa22 Drivers/STM32F3xx_HAL_Driver/Src/stm32f3xx_hal_tim_ex.o
 .debug_line    0x00000000000065d7      0xcf3 Drivers/STM32F3xx_HAL_Driver/Src/stm32f3xx_hal_uart.o
 .debug_line    0x00000000000072ca      0x3b5 Drivers/STM32F3xx_HAL_Driver/Src/stm32f3xx_hal_uart_ex.o
 .debug_line    0x000000000000767f      0x2f2 Src/i2c.o
 .debug_line    0x0000000000007971      0x62d Src/main.o
 .debug_line    0x0000000000007f9e      0x377 Src/stm32f3xx_hal_msp.o
 .debug_line    0x0000000000008315      0x3a9 Src/stm32f3xx_it.o
 .debug_line    0x00000000000086be      0x265 Src/system_stm32f3xx.o
 .debug_line    0x0000000000008923       0x7f startup/startup_stm32f303xc.o

.debug_str      0x0000000000000000     0x5143
 .debug_str     0x0000000000000000      0xceb Drivers/STM32F3xx_HAL_Driver/Src/stm32f3xx_hal.o
                                        0xd8b (size before relaxing)
 .debug_str     0x0000000000000ceb      0x435 Drivers/STM32F3xx_HAL_Driver/Src/stm32f3xx_hal_cortex.o
                                       0x1023 (size before relaxing)
 .debug_str     0x0000000000001120      0x3ef Drivers/STM32F3xx_HAL_Driver/Src/stm32f3xx_hal_dma.o
                                        0xb09 (size before relaxing)
 .debug_str     0x000000000000150f      0x1ee Drivers/STM32F3xx_HAL_Driver/Src/stm32f3xx_hal_gpio.o
                                        0x92e (size before relaxing)
 .debug_str     0x00000000000016fd      0xa30 Drivers/STM32F3xx_HAL_Driver/Src/stm32f3xx_hal_i2c.o
                                       0x133b (size before relaxing)
 .debug_str     0x000000000000212d       0xf3 Drivers/STM32F3xx_HAL_Driver/Src/stm32f3xx_hal_i2c_ex.o
                                        0xcc6 (size before relaxing)
 .debug_str     0x0000000000002220      0x30a Drivers/STM32F3xx_HAL_Driver/Src/stm32f3xx_hal_rcc.o
                                        0xae6 (size before relaxing)
 .debug_str     0x000000000000252a      0x22f Drivers/STM32F3xx_HAL_Driver/Src/stm32f3xx_hal_rcc_ex.o
                                        0x9c1 (size before relaxing)
 .debug_str     0x0000000000002759      0x711 Drivers/STM32F3xx_HAL_Driver/Src/stm32f3xx_hal_spi.o
                                       0x1017 (size before relaxing)
 .debug_str     0x0000000000002e6a      0xf25 Drivers/STM32F3xx_HAL_Driver/Src/stm32f3xx_hal_tim.o
                                       0x1841 (size before relaxing)
 .debug_str     0x0000000000003d8f      0x5f2 Drivers/STM32F3xx_HAL_Driver/Src/stm32f3xx_hal_tim_ex.o
                                       0x1243 (size before relaxing)
 .debug_str     0x0000000000004381      0x8a1 Drivers/STM32F3xx_HAL_Driver/Src/stm32f3xx_hal_uart.o
                                       0x128a (size before relaxing)
 .debug_str     0x0000000000004c22      0x107 Drivers/STM32F3xx_HAL_Driver/Src/stm32f3xx_hal_uart_ex.o
                                        0xc9a (size before relaxing)
 .debug_str     0x0000000000004d29       0x3a Src/i2c.o
                                       0x107d (size before relaxing)
 .debug_str     0x0000000000004d63      0x27d Src/main.o
                                       0x1c21 (size before relaxing)
 .debug_str     0x0000000000004fe0       0x25 Src/stm32f3xx_hal_msp.o
                                       0x141d (size before relaxing)
 .debug_str     0x0000000000005005       0xee Src/stm32f3xx_it.o
                                       0x109c (size before relaxing)
 .debug_str     0x00000000000050f3       0x50 Src/system_stm32f3xx.o
                                        0x78a (size before relaxing)

.comment        0x0000000000000000       0x7c
 .comment       0x0000000000000000       0x7c Drivers/STM32F3xx_HAL_Driver/Src/stm32f3xx_hal.o
                                         0x7d (size before relaxing)
 .comment       0x000000000000007c       0x7d Drivers/STM32F3xx_HAL_Driver/Src/stm32f3xx_hal_cortex.o
 .comment       0x000000000000007c       0x7d Drivers/STM32F3xx_HAL_Driver/Src/stm32f3xx_hal_dma.o
 .comment       0x000000000000007c       0x7d Drivers/STM32F3xx_HAL_Driver/Src/stm32f3xx_hal_gpio.o
 .comment       0x000000000000007c       0x7d Drivers/STM32F3xx_HAL_Driver/Src/stm32f3xx_hal_i2c.o
 .comment       0x000000000000007c       0x7d Drivers/STM32F3xx_HAL_Driver/Src/stm32f3xx_hal_i2c_ex.o
 .comment       0x000000000000007c       0x7d Drivers/STM32F3xx_HAL_Driver/Src/stm32f3xx_hal_rcc.o
 .comment       0x000000000000007c       0x7d Drivers/STM32F3xx_HAL_Driver/Src/stm32f3xx_hal_rcc_ex.o
 .comment       0x000000000000007c       0x7d Drivers/STM32F3xx_HAL_Driver/Src/stm32f3xx_hal_spi.o
 .comment       0x000000000000007c       0x7d Drivers/STM32F3xx_HAL_Driver/Src/stm32f3xx_hal_tim.o
 .comment       0x000000000000007c       0x7d Drivers/STM32F3xx_HAL_Driver/Src/stm32f3xx_hal_tim_ex.o
 .comment       0x000000000000007c       0x7d Drivers/STM32F3xx_HAL_Driver/Src/stm32f3xx_hal_uart.o
 .comment       0x000000000000007c       0x7d Drivers/STM32F3xx_HAL_Driver/Src/stm32f3xx_hal_uart_ex.o
 .comment       0x000000000000007c       0x7d Src/i2c.o
 .comment       0x000000000000007c       0x7d Src/main.o
 .comment       0x000000000000007c       0x7d Src/stm32f3xx_hal_msp.o
 .comment       0x000000000000007c       0x7d Src/stm32f3xx_it.o
 .comment       0x000000000000007c       0x7d Src/system_stm32f3xx.o

.debug_frame    0x0000000000000000     0x4784
 .debug_frame   0x0000000000000000      0x2d0 Drivers/STM32F3xx_HAL_Driver/Src/stm32f3xx_hal.o
 .debug_frame   0x00000000000002d0      0x498 Drivers/STM32F3xx_HAL_Driver/Src/stm32f3xx_hal_cortex.o
 .debug_frame   0x0000000000000768      0x224 Drivers/STM32F3xx_HAL_Driver/Src/stm32f3xx_hal_dma.o
 .debug_frame   0x000000000000098c      0x14c Drivers/STM32F3xx_HAL_Driver/Src/stm32f3xx_hal_gpio.o
 .debug_frame   0x0000000000000ad8      0xafc Drivers/STM32F3xx_HAL_Driver/Src/stm32f3xx_hal_i2c.o
 .debug_frame   0x00000000000015d4      0x100 Drivers/STM32F3xx_HAL_Driver/Src/stm32f3xx_hal_i2c_ex.o
 .debug_frame   0x00000000000016d4      0x210 Drivers/STM32F3xx_HAL_Driver/Src/stm32f3xx_hal_rcc.o
 .debug_frame   0x00000000000018e4       0xb4 Drivers/STM32F3xx_HAL_Driver/Src/stm32f3xx_hal_rcc_ex.o
 .debug_frame   0x0000000000001998      0x864 Drivers/STM32F3xx_HAL_Driver/Src/stm32f3xx_hal_spi.o
 .debug_frame   0x00000000000021fc      0xffc Drivers/STM32F3xx_HAL_Driver/Src/stm32f3xx_hal_tim.o
 .debug_frame   0x00000000000031f8      0x688 Drivers/STM32F3xx_HAL_Driver/Src/stm32f3xx_hal_tim_ex.o
 .debug_frame   0x0000000000003880      0x8d4 Drivers/STM32F3xx_HAL_Driver/Src/stm32f3xx_hal_uart.o
 .debug_frame   0x0000000000004154       0xf8 Drivers/STM32F3xx_HAL_Driver/Src/stm32f3xx_hal_uart_ex.o
 .debug_frame   0x000000000000424c       0x74 Src/i2c.o
 .debug_frame   0x00000000000042c0      0x1b8 Src/main.o
 .debug_frame   0x0000000000004478      0x10c Src/stm32f3xx_hal_msp.o
 .debug_frame   0x0000000000004584      0x17c Src/stm32f3xx_it.o
 .debug_frame   0x0000000000004700       0x58 Src/system_stm32f3xx.o
 .debug_frame   0x0000000000004758       0x2c /opt/Atollic_TrueSTUDIO_for_STM32_x86_64_9.3.0/ARMTools/bin/../lib/gcc/arm-atollic-eabi/6.3.1/../../../../arm-atollic-eabi/lib/armv7e-m/fpu/libc_nano.a(lib_a-init.o)
