stm32f3xx_it.c:54:6:NMI_Handler	4	static
stm32f3xx_it.c:67:6:HardFault_Handler	4	static
stm32f3xx_it.c:83:6:MemManage_Handler	4	static
stm32f3xx_it.c:99:6:BusFault_Handler	4	static
stm32f3xx_it.c:115:6:UsageFault_Handler	4	static
stm32f3xx_it.c:131:6:SVC_Handler	4	static
stm32f3xx_it.c:144:6:DebugMon_Handler	4	static
stm32f3xx_it.c:157:6:PendSV_Handler	4	static
stm32f3xx_it.c:167:6:SysTick_Handler	8	static
stm32f3xx_it.c:183:6:TIM2_IRQHandler	8	static
stm32f3xx_it.c:188:6:USART1_IRQHandler	8	static
stm32f3xx_it.c:198:6:I2C1_EV_IRQHandler	8	static
stm32f3xx_it.c:211:6:I2C1_ER_IRQHandler	8	static
